root@ip-172-31-38-26:/home/ubuntu/docker_hands-on# apt-get install docker.io -y
Reading package lists... Done
Building dependency tree... Done
Reading state information... Done
The following additional packages will be installed:
  bridge-utils containerd dns-root-data dnsmasq-base pigz runc ubuntu-fan
Suggested packages:
  ifupdown aufs-tools cgroupfs-mount | cgroup-lite debootstrap docker-buildx docker-compose-v2 docker-doc rinse zfs-fuse | zfsutils
The following NEW packages will be installed:
  bridge-utils containerd dns-root-data dnsmasq-base docker.io pigz runc ubuntu-fan
0 upgraded, 8 newly installed, 0 to remove and 83 not upgraded.
Need to get 76.1 MB of archives.
After this operation, 288 MB of additional disk space will be used.
Get:1 http://ap-south-1.ec2.archive.ubuntu.com/ubuntu noble/universe amd64 pigz amd64 2.8-1 [65.6 kB]
Get:2 http://ap-south-1.ec2.archive.ubuntu.com/ubuntu noble/main amd64 bridge-utils amd64 1.7.1-1ubuntu2 [33.9 kB]
Get:3 http://ap-south-1.ec2.archive.ubuntu.com/ubuntu noble-updates/main amd64 runc amd64 1.3.3-0ubuntu1~24.04.3 [8815 kB]
Get:4 http://ap-south-1.ec2.archive.ubuntu.com/ubuntu noble-updates/main amd64 containerd amd64 1.7.28-0ubuntu1~24.04.2 [38.4 MB]
Get:5 http://ap-south-1.ec2.archive.ubuntu.com/ubuntu noble-updates/main amd64 dns-root-data all 2024071801~ubuntu0.24.04.1 [5918 B]
Get:6 http://ap-south-1.ec2.archive.ubuntu.com/ubuntu noble-updates/main amd64 dnsmasq-base amd64 2.90-2ubuntu0.1 [376 kB]
Get:7 http://ap-south-1.ec2.archive.ubuntu.com/ubuntu noble-updates/universe amd64 docker.io amd64 28.2.2-0ubuntu1~24.04.1 [28.3 MB]
Get:8 http://ap-south-1.ec2.archive.ubuntu.com/ubuntu noble-updates/universe amd64 ubuntu-fan all 0.12.16+24.04.1 [34.2 kB]
Fetched 76.1 MB in 1s (59.5 MB/s)
Preconfiguring packages ...
Selecting previously unselected package pigz.
(Reading database ... 71752 files and directories currently installed.)
Preparing to unpack .../0-pigz_2.8-1_amd64.deb ...
Unpacking pigz (2.8-1) ...
Selecting previously unselected package bridge-utils.
Preparing to unpack .../1-bridge-utils_1.7.1-1ubuntu2_amd64.deb ...
Unpacking bridge-utils (1.7.1-1ubuntu2) ...
Selecting previously unselected package runc.
Preparing to unpack .../2-runc_1.3.3-0ubuntu1~24.04.3_amd64.deb ...
Unpacking runc (1.3.3-0ubuntu1~24.04.3) ...
Selecting previously unselected package containerd.
Preparing to unpack .../3-containerd_1.7.28-0ubuntu1~24.04.2_amd64.deb ...
Unpacking containerd (1.7.28-0ubuntu1~24.04.2) ...
Selecting previously unselected package dns-root-data.
Preparing to unpack .../4-dns-root-data_2024071801~ubuntu0.24.04.1_all.deb ...
Unpacking dns-root-data (2024071801~ubuntu0.24.04.1) ...
Selecting previously unselected package dnsmasq-base.
Preparing to unpack .../5-dnsmasq-base_2.90-2ubuntu0.1_amd64.deb ...
Unpacking dnsmasq-base (2.90-2ubuntu0.1) ...
Selecting previously unselected package docker.io.
Preparing to unpack .../6-docker.io_28.2.2-0ubuntu1~24.04.1_amd64.deb ...
Unpacking docker.io (28.2.2-0ubuntu1~24.04.1) ...
Selecting previously unselected package ubuntu-fan.
Preparing to unpack .../7-ubuntu-fan_0.12.16+24.04.1_all.deb ...
Unpacking ubuntu-fan (0.12.16+24.04.1) ...
Setting up dnsmasq-base (2.90-2ubuntu0.1) ...
Setting up runc (1.3.3-0ubuntu1~24.04.3) ...
Setting up dns-root-data (2024071801~ubuntu0.24.04.1) ...
Setting up bridge-utils (1.7.1-1ubuntu2) ...
Setting up pigz (2.8-1) ...
Setting up containerd (1.7.28-0ubuntu1~24.04.2) ...
Created symlink /etc/systemd/system/multi-user.target.wants/containerd.service → /usr/lib/systemd/system/containerd.service.
Setting up ubuntu-fan (0.12.16+24.04.1) ...
Created symlink /etc/systemd/system/multi-user.target.wants/ubuntu-fan.service → /usr/lib/systemd/system/ubuntu-fan.service.
Setting up docker.io (28.2.2-0ubuntu1~24.04.1) ...
info: Selecting GID from range 100 to 999 ...
info: Adding group `docker' (GID 113) ...
Created symlink /etc/systemd/system/multi-user.target.wants/docker.service → /usr/lib/systemd/system/docker.service.
Created symlink /etc/systemd/system/sockets.target.wants/docker.socket → /usr/lib/systemd/system/docker.socket.
Processing triggers for dbus (1.14.10-4ubuntu4.1) ...
Processing triggers for man-db (2.12.0-4build2) ...
Scanning processes...
Scanning linux images...

Running kernel seems to be up-to-date.

No services need to be restarted.

No containers need to be restarted.

No user sessions are running outdated binaries.

No VM guests are running outdated hypervisor (qemu) binaries on this host.
root@ip-172-31-38-26:/home/ubuntu/docker_hands-on# apt-get git
E: Invalid operation git
root@ip-172-31-38-26:/home/ubuntu/docker_hands-on# apt-get install git
Reading package lists... Done
Building dependency tree... Done
Reading state information... Done
git is already the newest version (1:2.43.0-1ubuntu7.3).
git set to manually installed.
0 upgraded, 0 newly installed, 0 to remove and 83 not upgraded.
root@ip-172-31-38-26:/home/ubuntu/docker_hands-on# git -- version
unknown option: --
usage: git [-v | --version] [-h | --help] [-C <path>] [-c <name>=<value>]
           [--exec-path[=<path>]] [--html-path] [--man-path] [--info-path]
           [-p | --paginate | -P | --no-pager] [--no-replace-objects] [--bare]
           [--git-dir=<path>] [--work-tree=<path>] [--namespace=<name>]
           [--config-env=<name>=<envvar>] <command> [<args>]
root@ip-172-31-38-26:/home/ubuntu/docker_hands-on# git -- version
unknown option: --
usage: git [-v | --version] [-h | --help] [-C <path>] [-c <name>=<value>]
           [--exec-path[=<path>]] [--html-path] [--man-path] [--info-path]
           [-p | --paginate | -P | --no-pager] [--no-replace-objects] [--bare]
           [--git-dir=<path>] [--work-tree=<path>] [--namespace=<name>]
           [--config-env=<name>=<envvar>] <command> [<args>]
root@ip-172-31-38-26:/home/ubuntu/docker_hands-on# git --version
git version 2.43.0
root@ip-172-31-38-26:/home/ubuntu/docker_hands-on# git clone https://github.com/janardhan077/sample_python_flask_for_docker.git
Cloning into 'sample_python_flask_for_docker'...
remote: Enumerating objects: 11, done.
remote: Counting objects: 100% (11/11), done.
remote: Compressing objects: 100% (8/8), done.
remote: Total 11 (delta 1), reused 7 (delta 0), pack-reused 0 (from 0)
Receiving objects: 100% (11/11), done.
Resolving deltas: 100% (1/1), done.
root@ip-172-31-38-26:/home/ubuntu/docker_hands-on# ls
sample_python_flask_for_docker
root@ip-172-31-38-26:/home/ubuntu/docker_hands-on#  cd sample_python_flask_for_docker
root@ip-172-31-38-26:/home/ubuntu/docker_hands-on/sample_python_flask_for_docker# ls
flask_app_for_docker
root@ip-172-31-38-26:/home/ubuntu/docker_hands-on/sample_python_flask_for_docker#  cd flask_app_for_docker
root@ip-172-31-38-26:/home/ubuntu/docker_hands-on/sample_python_flask_for_docker/flask_app_for_docker# ls
app.py  dockerfile  requriment.txt  run.py
root@ip-172-31-38-26:/home/ubuntu/docker_hands-on/sample_python_flask_for_docker/flask_app_for_docker#  vim dockerfile
root@ip-172-31-38-26:/home/ubuntu/docker_hands-on/sample_python_flask_for_docker/flask_app_for_docker# root@ip-172-31-38-26:/home/ubuntu/docker_hands-on/sample_python_flask_for_docker/flask_app_for_docker# ls
app.py  dockerfile  requriment.txt  run.py
root@ip-172-31-38-26:/home/ubuntu/docker_hands-on/sample_python_flask_for_docker/flask_app_for_docker# mv dockerfile Dockerfile
root@ip-172-31-38-26:/home/ubuntu/docker_hands-on/sample_python_flask_for_docker/flask_app_for_docker# ls
Dockerfile  app.py  requriment.txt  run.py
root@ip-172-31-38-26:/home/ubuntu/docker_hands-on/sample_python_flask_for_docker/flask_app_for_docker# docker build -t flask-app .
DEPRECATED: The legacy builder is deprecated and will be removed in a future release.
            Install the buildx component to build images with BuildKit:
            https://docs.docker.com/go/buildx/

Sending build context to Docker daemon   5.12kB
Step 1/6 : FROM python:3.9-slim
3.9-slim: Pulling from library/python
38513bd72563: Pulling fs layer
b3ec39b36ae8: Pulling fs layer
fc7443084902: Pulling fs layer
ea56f685404a: Pulling fs layer
ea56f685404a: Waiting
b3ec39b36ae8: Verifying Checksum
b3ec39b36ae8: Download complete
fc7443084902: Verifying Checksum
fc7443084902: Download complete
38513bd72563: Verifying Checksum
38513bd72563: Download complete
ea56f685404a: Verifying Checksum
ea56f685404a: Download complete
38513bd72563: Pull complete
b3ec39b36ae8: Pull complete
fc7443084902: Pull complete
ea56f685404a: Pull complete
Digest: sha256:2d97f6910b16bd338d3060f261f53f144965f755599aab1acda1e13cf1731b1b
Status: Downloaded newer image for python:3.9-slim
 ---> 085da638e1b8
Step 2/6 : WORKDIR /app
 ---> Running in 13759d29af48
 ---> Removed intermediate container 13759d29af48
 ---> 8094e47bc8d6
Step 3/6 : COPY . .
 ---> 33e035bc387c
Step 4/6 : RUN pip install -r requirements.txt
 ---> Running in 2086233cc023
ERROR: Could not open requirements file: [Errno 2] No such file or directory: 'requirements.txt'

[notice] A new release of pip is available: 23.0.1 -> 26.0.1
[notice] To update, run: pip install --upgrade pip
The command '/bin/sh -c pip install -r requirements.txt' returned a non-zero code: 1
root@ip-172-31-38-26:/home/ubuntu/docker_hands-on/sample_python_flask_for_docker/flask_app_for_docker# vim  requriment.txt
root@ip-172-31-38-26:/home/ubuntu/docker_hands-on/sample_python_flask_for_docker/flask_app_for_docker# mv requriment.txt requirements.txt
root@ip-172-31-38-26:/home/ubuntu/docker_hands-on/sample_python_flask_for_docker/flask_app_for_docker# docker build -t flask-app .
DEPRECATED: The legacy builder is deprecated and will be removed in a future release.
            Install the buildx component to build images with BuildKit:
            https://docs.docker.com/go/buildx/

Sending build context to Docker daemon   5.12kB
Step 1/6 : FROM python:3.9-slim
 ---> 085da638e1b8
Step 2/6 : WORKDIR /app
 ---> Using cache
 ---> 8094e47bc8d6
Step 3/6 : COPY . .
 ---> 8f2afe3ff3f7
Step 4/6 : RUN pip install -r requirements.txt
 ---> Running in 0c1b571b93aa
Collecting flask==2.2.2
  Downloading Flask-2.2.2-py3-none-any.whl (101 kB)
     ━━━━━━━━━━━━━━━━━━━━━━━━━━━━━━━━━━━━━━━ 101.5/101.5 kB 9.5 MB/s eta 0:00:00
Collecting Werkzeug==2.2.2
  Downloading Werkzeug-2.2.2-py3-none-any.whl (232 kB)
     ━━━━━━━━━━━━━━━━━━━━━━━━━━━━━━━━━━━━━━ 232.7/232.7 kB 25.1 MB/s eta 0:00:00
Collecting Jinja2>=3.0
  Downloading jinja2-3.1.6-py3-none-any.whl (134 kB)
     ━━━━━━━━━━━━━━━━━━━━━━━━━━━━━━━━━━━━━━ 134.9/134.9 kB 19.5 MB/s eta 0:00:00
Collecting click>=8.0
  Downloading click-8.1.8-py3-none-any.whl (98 kB)
     ━━━━━━━━━━━━━━━━━━━━━━━━━━━━━━━━━━━━━━━━ 98.2/98.2 kB 13.0 MB/s eta 0:00:00
Collecting importlib-metadata>=3.6.0
  Downloading importlib_metadata-8.7.1-py3-none-any.whl (27 kB)
Collecting itsdangerous>=2.0
  Downloading itsdangerous-2.2.0-py3-none-any.whl (16 kB)
Collecting MarkupSafe>=2.1.1
  Downloading markupsafe-3.0.3-cp39-cp39-manylinux2014_x86_64.manylinux_2_17_x86_64.manylinux_2_28_x86_64.whl (20 kB)
Collecting zipp>=3.20
  Downloading zipp-3.23.0-py3-none-any.whl (10 kB)
Installing collected packages: zipp, MarkupSafe, itsdangerous, click, Werkzeug, Jinja2, importlib-metadata, flask
Successfully installed Jinja2-3.1.6 MarkupSafe-3.0.3 Werkzeug-2.2.2 click-8.1.8 flask-2.2.2 importlib-metadata-8.7.1 itsdangerous-2.2.0 zipp-3.23.0
WARNING: Running pip as the 'root' user can result in broken permissions and conflicting behaviour with the system package manager. It is recommended to use a virtual environment instead: https://pip.pypa.io/warnings/venv

[notice] A new release of pip is available: 23.0.1 -> 26.0.1
[notice] To update, run: pip install --upgrade pip
 ---> Removed intermediate container 0c1b571b93aa
 ---> 4150c69e93ad
Step 5/6 : EXPOSE 80
 ---> Running in b0abfbe05461
 ---> Removed intermediate container b0abfbe05461
 ---> 02102ff40934
Step 6/6 : CMD ["python","run.py"]
 ---> Running in f5cdeb86523e
 ---> Removed intermediate container f5cdeb86523e
 ---> b5c85d66903b
Successfully built b5c85d66903b
Successfully tagged flask-app:latest
root@ip-172-31-38-26:/home/ubuntu/docker_hands-on/sample_python_flask_for_docker/flask_app_for_docker# docker images
REPOSITORY   TAG        IMAGE ID       CREATED          SIZE
flask-app    latest     b5c85d66903b   19 seconds ago   133MB
<none>       <none>     33e035bc387c   2 minutes ago    122MB
python       3.9-slim   085da638e1b8   3 months ago     122MB
root@ip-172-31-38-26:/home/ubuntu/docker_hands-on/sample_python_flask_for_docker/flask_app_for_docker# docker run -d -p 80:80 flask-app
28e7b57876b52126369d291b3a1a286667dc176c5b116ca7dd61456eaf684f21
root@ip-172-31-38-26:/home/ubuntu/docker_hands-on/sample_python_flask_for_docker/flask_app_for_docker# docker ps
CONTAINER ID   IMAGE       COMMAND           CREATED         STATUS         PORTS                                 NAMES
28e7b57876b5   flask-app   "python run.py"   6 seconds ago   Up 5 seconds   0.0.0.0:80->80/tcp, [::]:80->80/tcp   eloquent_robinson
root@ip-172-31-38-26:/home/ubuntu/docker_hands-on/sample_python_flask_for_docker/flask_app_for_docker# docker logs 28e7b57876b5
 * Serving Flask app 'app'
 * Debug mode: on
WARNING: This is a development server. Do not use it in a production deployment. Use a production WSGI server instead.
 * Running on all addresses (0.0.0.0)
 * Running on http://127.0.0.1:80
 * Running on http://172.17.0.2:80
Press CTRL+C to quit
 * Restarting with stat
 * Debugger is active!
 * Debugger PIN: 406-572-779
122.178.145.139 - - [10/Feb/2026 16:34:13] code 400, message Bad request version ('\x88\x06÷\x0eÈg4\x00')
ÚBbã÷ Àçù«´ÎJPÎ+v¥°Pö'µÂ@4b/2026÷Èg4 " HTTPStatus.BAD_REQUEST -
122.178.145.139 - - [10/Feb/2026 16:34:13] code 400, message Bad HTTP/0.9 request type ('\x16\x03\x01\x06à\x01\x00\x06Ü\x03\x03')
BzÆÐ" HTTPStatus.BAD_REQUEST -26 16:34:13] "àÜ
122.178.145.139 - - [10/Feb/2026 16:34:13] code 400, message Bad request version ('\x97c\x16z')
122.178.145.139 - - [10/Feb/2026 16:34:13] "ü"i}ÑÅ7k³   úÔî]×õhQV¨ye¬'° Ý[·ù÷\5³N8!pé/
                                                                                      o&b z+­ ÊÊÀ+À/À,À0Ì©Ì¨ÀÀ/5êê3ïíÊÊìÀµÕÙ£y0Êöy»Æ×n!7¼Ã ÕÇ~O°ß␦¯)ª Ê{¥Hoe85lA#²Ý3Éû±>|ûÆ²?H³+ÈO×Õ<ñ4jYø½áÛ{ñ|8R*(XOSj/Z@ ©¥à°e´£¦<Ñ,Yæ5r.×sDHkÂÅz%çÎà9Ãw]²kk±÷¥C³ýRQAò|4hi`4kbU¤ÎQjÏ}6/'Ôä²\1ãµ␦ÝãÂ¤/} cz" HTTPStatus.BAD_REQUEST -
122.178.145.139 - - [10/Feb/2026 16:34:13] code 400, message Bad request version ('ÊÊ\x13\x01\x13\x02\x13\x03À+À/À,À0Ì©Ì¨À\x13À\x14\x00\x9c\x00\x9d\x00/\x005\x01\x00\x06S')
122.178.145.139 - - [10/Feb/2026 16:34:13] "À¼å}ÇT^øÇÇ}êÂk²óÛ4j½e+Ï Î ©º_Î4GrAÅ3½ï©Ê7ËBáaØpÌo?ó ÊÊÀ+À/À,À0Ì©Ì¨ÀÀ/5S" HTTPStatus.BAD_REQUEST -
122.178.145.139 - - [10/Feb/2026 16:34:17] code 400, message Bad request version ('jj\x13\x01\x13\x02\x13\x03À+À/À,À0Ì©Ì¨À\x13À\x14\x00\x9c\x00\x9d\x00/\x005\x01\x00\x06Szz\x00\x00\x00')
[bEóO jjÀ+À/À,À0Ì©Ì¨ÀÀ/5Szz" HTTPStatus.BAD_REQUEST -êõGo1(pÞ6VoY×Èß S ò:G¤js_G`r£âq4á#´+ÁØÍÝoÐ
122.178.145.139 - - [10/Feb/2026 16:34:17] code 400, message Bad request version ('b¢ê,ï')
122.178.145.139 - - [10/Feb/2026 16:34:17] " ÍâWÅþÿGwc0®lÔa?öYÝ ft+îÇÚà D&f£Ö>½±)=üîåË zzÀ+À/À,À0Ì©Ì¨ÀÀ/53jj
                                                                                                            hhttp/1.1
RATªêhX·Aãý»yfÚ=æp¿0mcpÃºn!g{×Öô$2.ÿ9@½¹tàêÉóÃºyon½\9ß[s¯2Î#ËÎ¾
´°(ÀÁ[Lª³Öá¯ÆslÚ]G«Ì␦Ôiî¦=Óhçh«üjf}É/úA·@Å_õ@ó                 ½í Ø-.ØýÙEÆ¡{Fy W!*Y:␦´Tñ*]7ÇPù³U7|\C    >q=×mæÎ~
                                              lqÜ
x©9¿!ÌdN<ÍÀ)(V©CY¤Ý¬z4|O                         Ï#KQjÄö§³õ
                        <¶æNó¤8·h:2f:¹§(2U¿Ô}JÌÌ3Í_ÄFGòw6ã§õ#½ºIXû      ¹N´ù[C»µ[ÊX
                                                                                   ¼Ë@¨|Ókdagn[kRºÑ91{
                                                                                                      %<*ÌûvBdÇÇL'±"deA©¡b¢ê,ï" HTTPStatus.BAD_REQUEST -
122.178.145.139 - - [10/Feb/2026 16:34:17] code 400, message Bad request version ('\x00\x02\x01\x00\x003\x04ï\x04íúú\x00\x01\x00\x11ì\x04À©ân\\ÃQ-\x03\x9c\x9b·\\ãü')
122.178.145.139 - - [10/Feb/2026 16:34:17] "ü"nKµôXó¯xæ¬Ã-&ÏXî4"¢E2' #Fó´y³/¢£¢n#è±e×&öP:ÁÏBFÁÙ£ ZZÀ+À/À,À0Ì©Ì¨ÀÀ/5úú#DÍh2
                                                                                                                          hhttp/1.1
                                                                                                                                   3ïíúúìÀ©ân\ÃQ-·\ãü " HTTPStatus.BAD_REQUEST -
122.178.145.139 - - [10/Feb/2026 16:34:17] code 400, message Bad request version ('\x00\x12\x00\x10\x04\x03\x08\x04\x04\x01\x05\x03\x08\x05\x05\x01\x08\x06\x06\x01\x00\x17\x00\x00\x00')
122.178.145.139 - - [10/Feb/2026 16:34:17] " ­Ýí
                                                ò¨ð?[ÃÉUuIçáLªCÒÛ8· ß°@Sfð8#¿ÚÔzZ2øý¼ BUÃe êêÀ+À/À,À0Ì©Ì¨ÀÀ/53ZZDÍh2
                                                                                                                    hhttp/1.1+êê#
" HTTPStatus.BAD_REQUEST -
